{
    "default": {
        "example": "Example"
    },
    "key1": {
        "a": 1,
        "b": 2
    },
    "key2": {
        "a": 1,
        "b": 2
    },
    "env_var": {
        "a": 1,
        "b": 2 
    },
    "interpolation": {
        "a": 1,
        "b": 1,
        "c": "Example"
    }
}
