InputFiles.SetupModule | [Info] Logging to /home/patricka/.julia/dev/InputFiles/test/test_files/input_files/examples/Output/log.txt
