[GLOBAL]
BASE_PATH = "/home/patricka/User/Development/Julia/BetterInputFiles/test/test_files/input_files/blank/"
INPUT_PATH = "/home/patricka/User/Development/Julia/BetterInputFiles/test/test_files/input_files/blank"
LOG_FILE = "/home/patricka/User/Development/Julia/BetterInputFiles/test/test_files/input_files/blank/Output/log.txt"
LOGGING = true
OUTPUT_PATH = "/home/patricka/User/Development/Julia/BetterInputFiles/test/test_files/input_files/blank/Output"

[METADATA]
TIME = "16:45:43"
ORIGINAL = "/home/patricka/User/Development/Julia/BetterInputFiles/test/test_files/input_files/blank/blank.toml"
A = "B"
DATE = "2024-07-04"
